// Jest Snapshot v1, https://goo.gl/fbAQLP

exports[`App component should render App component correctly 1`] = `
<div>
  <div
    class="App"
  >
    <div
      class="search-page-container"
    >
      <h3>
        SEARCH USERS AND POSTS
      </h3>
      <div>
        <div
          class="input-container"
        >
          <input
            class="input"
            placeholder="Start typing to search for a user by username or post by title"
            type="text"
          />
        </div>
      </div>
    </div>
  </div>
</div>
`;
